[2026-09-24 10:39:52] [INFO] Memulai proses sinkronisasi Mekari visual...
[2026-09-24 10:39:52] [WARN] Aplikasi Mekari belum menyala. Mencoba meluncurkan aplikasi...
[2026-09-24 10:39:53] [INFO] Mekari diluncurkan dari: C:\Program Files\Mekari Agent Fingerprint\Mekari Agent Fingerprint.exe
[2026-09-24 10:39:53] [INFO] Menunggu aplikasi Mekari siap...
[2026-09-24 10:40:03] [INFO] Service Mekari siap di port 8081.
[2026-09-24 10:40:03] [INFO] Mengeklik tombol Sync untuk Connection ID: 3...
[2026-09-24 10:40:03] [SUCCESS] SUKSES: Koneksi ID 3 berhasil direfresh (Sync in progress)
[2026-09-24 10:40:03] [INFO] Mengeklik tombol Sync untuk Connection ID: 1...
[2026-09-24 10:40:03] [SUCCESS] SUKSES: Koneksi ID 1 berhasil direfresh (Sync in progress)
[2026-09-24 10:40:03] [INFO] Mengeklik tombol Sync untuk Connection ID: 2...
[2026-09-24 10:40:08] [INFO] Koneksi ID 2 dilewati (offline / tidak terdaftar).
[2026-09-24 10:40:08] [SUCCESS] SINKRONISASI BERHASIL DILAKUKAN KE CLOUD TALENTA!
[2026-09-24 10:40:11] [INFO] Selesai.
[2026-09-24 10:40:20] [INFO] Memulai proses sinkronisasi Mekari visual...
[2026-09-24 10:40:20] [WARN] Aplikasi Mekari belum menyala. Mencoba meluncurkan aplikasi...
[2026-09-24 10:40:20] [INFO] Mekari diluncurkan dari: C:\Program Files\Mekari Agent Fingerprint\Mekari Agent Fingerprint.exe
[2026-09-24 10:40:20] [INFO] Menunggu aplikasi Mekari siap...
[2026-09-24 10:40:31] [INFO] Service Mekari siap di port 8081.
[2026-09-24 10:40:31] [INFO] Mengeklik tombol Sync untuk Connection ID: 3...
[2026-09-24 10:40:31] [SUCCESS] SUKSES: Koneksi ID 3 berhasil direfresh (Sync in progress)
[2026-09-24 10:40:31] [INFO] Mengeklik tombol Sync untuk Connection ID: 1...
[2026-09-24 10:40:31] [SUCCESS] SUKSES: Koneksi ID 1 berhasil direfresh (Sync in progress)
[2026-09-24 10:40:31] [INFO] Mengeklik tombol Sync untuk Connection ID: 2...
[2026-09-24 10:40:35] [INFO] Koneksi ID 2 dilewati (offline / tidak terdaftar).
[2026-09-24 10:40:35] [SUCCESS] SINKRONISASI BERHASIL DILAKUKAN KE CLOUD TALENTA!
[2026-09-24 10:40:39] [INFO] Selesai.
[2026-09-24 10:41:08] [INFO] Memulai proses sinkronisasi Mekari visual...
[2026-09-24 10:41:08] [INFO] Aplikasi Mekari Agent terdeteksi aktif (1 proses).
[2026-09-24 10:41:08] [INFO] Service Mekari siap di port 8081.
[2026-09-24 10:41:08] [INFO] Mengeklik tombol Sync untuk Connection ID: 3...
[2026-09-24 10:41:08] [SUCCESS] SUKSES: Koneksi ID 3 berhasil direfresh (Sync in progress)
[2026-09-24 10:41:08] [INFO] Mengeklik tombol Sync untuk Connection ID: 1...
[2026-09-24 10:41:08] [SUCCESS] SUKSES: Koneksi ID 1 berhasil direfresh (Sync in progress)
[2026-09-24 10:41:08] [INFO] Mengeklik tombol Sync untuk Connection ID: 2...
[2026-09-24 10:41:12] [INFO] Koneksi ID 2 dilewati (offline / tidak terdaftar).
[2026-09-24 10:41:12] [SUCCESS] SINKRONISASI BERHASIL DILAKUKAN KE CLOUD TALENTA!
[2026-09-24 10:41:15] [INFO] Selesai.
[2026-09-24 10:41:29] [INFO] Memulai proses sinkronisasi Mekari visual...
[2026-09-24 10:41:29] [WARN] Aplikasi Mekari belum menyala. Mencoba meluncurkan aplikasi...
[2026-09-24 10:41:29] [INFO] Mekari diluncurkan dari: C:\Program Files\Mekari Agent Fingerprint\Mekari Agent Fingerprint.exe
[2026-09-24 10:41:29] [INFO] Menunggu aplikasi Mekari siap...
[2026-09-24 10:41:40] [INFO] Service Mekari siap di port 8081.
[2026-09-24 10:41:40] [INFO] Mengeklik tombol Sync untuk Connection ID: 3...
[2026-09-24 10:41:40] [SUCCESS] SUKSES: Koneksi ID 3 berhasil direfresh (Sync in progress)
[2026-09-24 10:41:40] [INFO] Mengeklik tombol Sync untuk Connection ID: 1...
[2026-09-24 10:41:40] [SUCCESS] SUKSES: Koneksi ID 1 berhasil direfresh (Sync in progress)
[2026-09-24 10:41:40] [INFO] Mengeklik tombol Sync untuk Connection ID: 2...
[2026-09-24 10:41:44] [INFO] Koneksi ID 2 dilewati (offline / tidak terdaftar).
[2026-09-24 10:41:44] [SUCCESS] SINKRONISASI BERHASIL DILAKUKAN KE CLOUD TALENTA!
[2026-09-24 10:41:47] [INFO] Selesai.
[2026-09-24 10:57:25] [INFO] Memulai proses sinkronisasi Mekari visual...
[2026-09-24 10:57:25] [WARN] Aplikasi Mekari belum menyala. Meluncurkan aplikasi...
[2026-09-24 10:57:25] [INFO] Mekari diluncurkan. Menunggu service backend siap...
[2026-09-24 10:57:36] [INFO] Service Mekari siap di port 8081.
[2026-09-24 10:57:36] [INFO] Mengeklik tombol Sync untuk Connection ID: 3...
[2026-09-24 10:57:36] [SUCCESS] SUKSES: Sinkronisasi berhasil dipicu (Sync in progress)
[2026-09-24 10:57:36] [SUCCESS] SINKRONISASI BERHASIL DILAKUKAN KE CLOUD TALENTA!
[2026-09-24 10:57:39] [INFO] Selesai.
[2026-09-24 10:58:00] [INFO] Memulai proses sinkronisasi Mekari visual...
[2026-09-24 10:58:00] [INFO] Aplikasi Mekari Agent terdeteksi aktif (1 proses).
[2026-09-24 10:58:00] [INFO] Service Mekari siap di port 8081.
[2026-09-24 10:58:00] [INFO] Mengeklik tombol Sync untuk Connection ID: 3...
[2026-09-24 10:58:00] [SUCCESS] SUKSES: Sinkronisasi berhasil dipicu (Sync in progress)
[2026-09-24 10:58:00] [SUCCESS] SINKRONISASI BERHASIL DILAKUKAN KE CLOUD TALENTA!
[2026-09-24 10:58:02] [INFO] Selesai.
[2026-09-24 10:58:39] [INFO] Memulai proses sinkronisasi Mekari visual...
[2026-09-24 10:58:40] [INFO] Aplikasi Mekari Agent terdeteksi aktif (1 proses).
[2026-09-24 10:58:40] [INFO] Service Mekari siap di port 8081.
[2026-09-24 10:58:40] [INFO] Mengeklik tombol Sync untuk Connection ID: 3...
[2026-09-24 10:58:40] [SUCCESS] SUKSES: Sinkronisasi berhasil dipicu (Sync in progress)
[2026-09-24 10:58:40] [SUCCESS] SINKRONISASI BERHASIL DILAKUKAN KE CLOUD TALENTA!
[2026-09-24 10:58:42] [INFO] Selesai.
[2026-09-24 10:59:01] [INFO] Memulai proses sinkronisasi Mekari visual...
[2026-09-24 10:59:01] [INFO] Aplikasi Mekari Agent terdeteksi aktif (1 proses).
[2026-09-24 10:59:01] [INFO] Service Mekari siap di port 8081.
[2026-09-24 10:59:01] [INFO] Mengeklik tombol Sync untuk Connection ID: 3...
[2026-09-24 10:59:02] [SUCCESS] SUKSES: Sinkronisasi berhasil dipicu (Sync in progress)
[2026-09-24 10:59:02] [SUCCESS] SINKRONISASI BERHASIL DILAKUKAN KE CLOUD TALENTA!
[2026-09-24 10:59:04] [INFO] Selesai.
