[2026-09-22 15:28:55] [INFO] Memulai proses sinkronisasi Mekari Agent Fingerprint...
[2026-09-22 15:28:55] [INFO] Aplikasi Mekari sudah berjalan (PID: 8288).
[2026-09-22 15:28:55] [INFO] Service Mekari siap (port 8081 aktif).
[2026-09-22 15:28:55] [INFO] Mengirim perintah Sync (Connection ID: 3)...
[2026-09-22 15:28:55] [SUCCESS] BERHASIL: Sync in progress
[2026-09-22 15:28:55] [INFO] Proses selesai.
[2026-09-22 15:32:43] [INFO] Memulai proses sinkronisasi Mekari Agent Fingerprint...
[2026-09-22 15:32:43] [INFO] Aplikasi Mekari sudah berjalan (PID: 8288).
[2026-09-22 15:32:43] [INFO] Service Mekari siap (port 8081 aktif).
[2026-09-22 15:32:43] [INFO] Mengirim perintah Sync (Connection ID: 3)...
[2026-09-22 15:32:44] [SUCCESS] BERHASIL: Sync in progress
[2026-09-22 15:32:44] [INFO] Proses selesai.
[2026-09-22 15:32:53] [INFO] Memulai proses sinkronisasi Mekari Agent Fingerprint...
[2026-09-22 15:32:53] [INFO] Aplikasi Mekari sudah berjalan (PID: 8288).
[2026-09-22 15:32:53] [INFO] Service Mekari siap (port 8081 aktif).
[2026-09-22 15:32:53] [INFO] Mengirim perintah Sync (Connection ID: 3)...
[2026-09-22 15:32:53] [SUCCESS] BERHASIL: Sync in progress
[2026-09-22 15:32:53] [INFO] Proses selesai.
[2026-09-22 15:33:03] [INFO] Memulai proses sinkronisasi Mekari Agent Fingerprint...
[2026-09-22 15:33:03] [INFO] Aplikasi Mekari sudah berjalan (PID: 8288).
[2026-09-22 15:33:03] [INFO] Service Mekari siap (port 8081 aktif).
[2026-09-22 15:33:03] [INFO] Mengirim perintah Sync (Connection ID: 3)...
[2026-09-22 15:33:03] [SUCCESS] BERHASIL: Sync in progress
[2026-09-22 15:33:03] [INFO] Proses selesai.
[2026-09-24 13:47:50] [INFO] Memulai proses sinkronisasi Mekari Agent Fingerprint...
[2026-09-24 13:47:50] [INFO] Aplikasi Mekari sudah berjalan dan service port 8081 aktif.
[2026-09-24 13:47:50] [INFO] Service Mekari siap (port 8081 aktif).
[2026-09-24 13:47:50] [INFO] Ditemukan 1 koneksi aktif di Mekari.
[2026-09-24 13:47:50] [INFO] Menyinkronkan Koneksi 'DB MYSQL' (ID: 3)...
[2026-09-24 13:47:50] [SUCCESS] BERHASIL: 'DB MYSQL' (ID 3) -> Sync in progress
[2026-09-24 13:47:50] [SUCCESS] Siklus sinkronisasi selesai: 1 koneksi sukses tersinkron.
[2026-09-24 13:47:50] [INFO] Proses selesai.
